\BOOKMARK [1][-]{section.2}{Introduction}{}
\BOOKMARK [2][-]{subsection.4}{The Mission}{section.2}
\BOOKMARK [2][-]{subsection.5}{Factual Development During the Founding Period}{section.2}
\BOOKMARK [3][-]{subsubsection.6}{Students}{subsection.5}
\BOOKMARK [3][-]{subsubsection.8}{Publications}{subsection.5}
\BOOKMARK [3][-]{subsubsection.10}{Grants}{subsection.5}
\BOOKMARK [2][-]{subsection.13}{Personnel}{section.2}
\BOOKMARK [2][-]{subsection.14}{International Center for Transdisciplinary Science}{section.2}
\BOOKMARK [2][-]{subsection.15}{Workshops and Summer Schools}{section.2}
\BOOKMARK [2][-]{subsection.16}{Research Highlights}{section.2}
\BOOKMARK [2][-]{subsection.17}{Noteworthy}{section.2}
\BOOKMARK [1][-]{section.18}{Information and Communication Technologies}{}
\BOOKMARK [2][-]{subsection.19}{Communication Networks and Systems}{section.18}
\BOOKMARK [3][-]{subsubsection.20}{Cellular and Wireless Communications}{subsection.19}
\BOOKMARK [3][-]{subsubsection.44}{Digital Transmission Methods and Coding}{subsection.19}
\BOOKMARK [1][-]{section.57}{Education}{}
\BOOKMARK [2][-]{subsection.58}{Master's Degrees}{section.57}
\BOOKMARK [2][-]{subsection.86}{PhD Degrees}{section.57}
\BOOKMARK [1][-]{section.109}{The School of Engineering and Science}{}
\BOOKMARK [2][-]{subsection.110}{Administration}{section.109}
\BOOKMARK [2][-]{subsection.111}{Advisory Board}{section.109}
\BOOKMARK [2][-]{subsection.112}{Faculty}{section.109}
\BOOKMARK [2][-]{subsection.114}{Staff}{section.109}
\BOOKMARK [2][-]{subsection.116}{ICTS Guests}{section.109}
